--- Starting Curriculum Router Verification ---
1. Connecting to MongoDB...
   [PASS] Connected.
2. Testing GET /9...
   Subjects found: ['Algebra 1']
   [PASS] get_subjects works.
3. Testing GET /9/Algebra 1...
   Raw doc found: {'_id': ObjectId('69251bd4b9093b4df35f8ffb'), 'grade': '9', 'subject': 'Algebra 1', 'reference': 'CPM Educational Program / Core Connections Algebra 1, 2013 / ISBN 9781603281010', 'major_topics': [{'sub_topics': ['Variables and expressions', 'Order of operations', 'Real numbers and number properties', 'Integer operations', 'Rational number operations', 'The percent proportion', 'Absolute value', 'Exponents and powers', 'Square roots and cube roots'], 'topic_name': 'Foundations & Real Numbers'}, {'topicName': 'Solving Linear Equations', 'subTopics': ['Simple equations', 'Multi-step equations', 'Equations with variables on both sides', 'Solving equations with rational coefficients', 'Solving equations with fractions and decimals', 'Formulas and rewriting equations', 'Converting between units of measure', 'Real-world problem solving']}, {'topicName': 'Linear Inequalities', 'subTopics': ['Simple inequalities', 'Multi-step inequalities', 'Solving inequalities using addition or subtraction', 'Solving inequalities using multiplication or division', 'Compound inequalities', 'Absolute value inequalities', 'Graphing inequalities on a number line']}, {'topicName': 'Functions & Relations', 'subTopics': ['Relations and functions', 'Function notation', 'Linear functions', 'Nonlinear functions', 'Domain and range', 'Analyzing functions', 'Graphing relations and functions', 'Function families']}, {'topicName': 'Graphing Linear Equations', 'subTopics': ['Graphing linear equations', 'Slope of a line', 'Calculating slope from two points', 'Slope-intercept form (y = mx + b)', 'Standard form (Ax + By = C)', 'Graphing using intercepts', 'Graphing absolute value functions', 'Transformations of graphs']}, {'topicName': 'Writing Linear Equations', 'subTopics': ['Writing equations in slope-intercept form', 'Writing equations in point-slope form', 'Writing equations in standard form', 'Parallel and perpendicular lines', 'Scatter plots and lines of fit', 'Analyzing lines of fit', 'Arithmetic sequences', 'Piecewise functions']}, {'topicName': 'Systems of Linear Equations', 'subTopics': ['Systems of linear equations', 'Solving systems by graphing', 'Solving systems by substitution', 'Solving systems by elimination', 'Special systems (no solution and infinite solutions)', 'Systems of linear inequalities', 'Graphing systems of inequalities', 'Real-world applications of systems']}, {'topicName': 'Polynomials', 'subTopics': ['Polynomial expressions', 'Operations with polynomials', 'Adding and subtracting polynomials', 'Multiplying polynomials', 'Dividing polynomials', 'Degree and leading coefficient', 'Monomial operations', 'Polynomial functions']}, {'topicName': 'Factoring & Quadratic Equations', 'subTopics': ['Factoring polynomials', 'Factoring trinomials', 'Difference of squares', 'Perfect square trinomials', 'Quadratic equations', 'Solving quadratic equations by factoring', 'Solving quadratic equations by graphing', 'Applications of quadratic equations']}, {'topicName': 'Quadratic & Exponential Functions', 'subTopics': ['Quadratic functions', 'Graphing quadratic functions', 'Vertex form of quadratic functions', 'Properties of parabolas', 'Exponential functions', 'Exponential growth and decay', 'Compound interest', 'Comparing linear, quadratic, and exponential functions']}, {'topicName': 'Radical Expressions & Geometry', 'subTopics': ['Radical expressions', 'Nth roots and rational exponents', 'Properties of radicals', 'Simplifying radical expressions', 'Operations with radicals', 'Solving radical equations', 'Pythagorean theorem applications', 'Distance and midpoint formulas']}, {'topicName': 'Rational Functions & Equations', 'subTopics': ['Rational expressions', 'Simplifying rational expressions', 'Multiplying and dividing rational expressions', 'Adding and subtracting rational expressions', 'Rational equations', 'Solving rational equations', 'Rational functions and asymptotes', 'Real-world applications']}, {'topicName': 'Statistics & Probability', 'subTopics': ['Data collection and sampling', 'Measures of central tendency', 'Mean, median, mode, and range', 'Measures of variation', 'Standard deviation', 'Box plots and whisker plots', 'Scatter plots and correlation', 'Lines of best fit', 'Interpreting statistical displays', 'Bias in data collection', 'Probability basics', 'Experimental and theoretical probability', 'Compound probability', 'Independent and dependent events']}]}
   Topics found: ['Foundations & Real Numbers', 'Solving Linear Equations', 'Linear Inequalities', 'Functions & Relations', 'Graphing Linear Equations', 'Writing Linear Equations', 'Systems of Linear Equations', 'Polynomials', 'Factoring & Quadratic Equations', 'Quadratic & Exponential Functions', 'Radical Expressions & Geometry', 'Rational Functions & Equations', 'Statistics & Probability']
   [PASS] get_topics works.
4. Testing GET /9/Algebra 1/Foundations & Real Numbers...
   Subtopics found: ['Variables and expressions', 'Order of operations', 'Real numbers and number properties', 'Integer operations', 'Rational number operations', 'The percent proportion', 'Absolute value', 'Exponents and powers', 'Square roots and cube roots']
   [PASS] get_subtopics works.
--- All Curriculum Tests Passed! ---
